{
  "version": "1.5.0",
  "plugins_used": [
    {
      "name": "ArtifactoryDetector"
    },
    {
      "name": "AWSKeyDetector"
    },
    {
      "name": "AzureStorageKeyDetector"
    },
    {
      "name": "Base64HighEntropyString",
      "limit": 4.5
    },
    {
      "name": "BasicAuthDetector"
    },
    {
      "name": "CloudantDetector"
    },
    {
      "name": "DiscordBotTokenDetector"
    },
    {
      "name": "GitHubTokenDetector"
    },
    {
      "name": "GitLabTokenDetector"
    },
    {
      "name": "HexHighEntropyString",
      "limit": 3.0
    },
    {
      "name": "IbmCloudIamDetector"
    },
    {
      "name": "IbmCosHmacDetector"
    },
    {
      "name": "IPPublicDetector"
    },
    {
      "name": "JwtTokenDetector"
    },
    {
      "name": "KeywordDetector",
      "keyword_exclude": ""
    },
    {
      "name": "MailchimpDetector"
    },
    {
      "name": "NpmDetector"
    },
    {
      "name": "OpenAIDetector"
    },
    {
      "name": "PrivateKeyDetector"
    },
    {
      "name": "PypiTokenDetector"
    },
    {
      "name": "SendGridDetector"
    },
    {
      "name": "SlackDetector"
    },
    {
      "name": "SoftlayerDetector"
    },
    {
      "name": "SquareOAuthDetector"
    },
    {
      "name": "StripeDetector"
    },
    {
      "name": "TelegramBotTokenDetector"
    },
    {
      "name": "TwilioKeyDetector"
    }
  ],
  "filters_used": [
    {
      "path": "detect_secrets.filters.allowlist.is_line_allowlisted"
    },
    {
      "path": "detect_secrets.filters.common.is_ignored_due_to_verification_policies",
      "min_level": 2
    },
    {
      "path": "detect_secrets.filters.heuristic.is_indirect_reference"
    },
    {
      "path": "detect_secrets.filters.heuristic.is_likely_id_string"
    },
    {
      "path": "detect_secrets.filters.heuristic.is_lock_file"
    },
    {
      "path": "detect_secrets.filters.heuristic.is_not_alphanumeric_string"
    },
    {
      "path": "detect_secrets.filters.heuristic.is_potential_uuid"
    },
    {
      "path": "detect_secrets.filters.heuristic.is_prefixed_with_dollar_sign"
    },
    {
      "path": "detect_secrets.filters.heuristic.is_sequential_string"
    },
    {
      "path": "detect_secrets.filters.heuristic.is_swagger_file"
    },
    {
      "path": "detect_secrets.filters.heuristic.is_templated_secret"
    },
    {
      "path": "detect_secrets.filters.regex.should_exclude_file",
      "pattern": [
        "^\\.git/",
        "node_modules/",
        "package-lock\\.json$",
        "(^|/)(dist|build|coverage)/",
        "(^|/)e2e/generated/"
      ]
    }
  ],
  "results": {
    "api/scripts/seed-dev.mjs": [
      {
        "type": "Secret Keyword",
        "filename": "api/scripts/seed-dev.mjs",
        "hashed_secret": "57a95757965d345f8133a86125e3a6e84f00c092",
        "is_verified": false,
        "line_number": 30
      },
      {
        "type": "Secret Keyword",
        "filename": "api/scripts/seed-dev.mjs",
        "hashed_secret": "80a91761b41dcb60f2e21de20f6d497078d769c2",
        "is_verified": false,
        "line_number": 45
      }
    ],
    "api/src/config/env.test.ts": [
      {
        "type": "Secret Keyword",
        "filename": "api/src/config/env.test.ts",
        "hashed_secret": "39ea4d03d2ff50adc70c59b0b2afa3e4b0d19a7e",
        "is_verified": false,
        "line_number": 7
      },
      {
        "type": "Secret Keyword",
        "filename": "api/src/config/env.test.ts",
        "hashed_secret": "c7b59eef8f56b71465195f526f335005ff2a794f",
        "is_verified": false,
        "line_number": 9
      },
      {
        "type": "Secret Keyword",
        "filename": "api/src/config/env.test.ts",
        "hashed_secret": "a7d4b102f91a3e7a7cdceba65a54eae4fdea9ce2",
        "is_verified": false,
        "line_number": 10
      },
      {
        "type": "Secret Keyword",
        "filename": "api/src/config/env.test.ts",
        "hashed_secret": "fd8cdb92e4f9fc00f027d4496175c403afe9f8bc",
        "is_verified": false,
        "line_number": 11
      },
      {
        "type": "Secret Keyword",
        "filename": "api/src/config/env.test.ts",
        "hashed_secret": "dff6d4ff5dc357cf451d1855ab9cbda562645c9f",
        "is_verified": false,
        "line_number": 17
      }
    ],
    "api/src/config/mysql.test.ts": [
      {
        "type": "Secret Keyword",
        "filename": "api/src/config/mysql.test.ts",
        "hashed_secret": "9d4e1e23bd5b727046a9e3b4b7db57bd8d6ee684",
        "is_verified": false,
        "line_number": 16
      }
    ],
    "api/tests/integration/admin-routes.test.ts": [
      {
        "type": "Secret Keyword",
        "filename": "api/tests/integration/admin-routes.test.ts",
        "hashed_secret": "fbb648a167cee0db835b743d4bccd5bf7338dc33",
        "is_verified": false,
        "line_number": 46
      }
    ],
    "api/tests/integration/audit-logging.test.ts": [
      {
        "type": "Secret Keyword",
        "filename": "api/tests/integration/audit-logging.test.ts",
        "hashed_secret": "e6064811468f773435f6944aa4215168084b44bf",
        "is_verified": false,
        "line_number": 42
      },
      {
        "type": "Secret Keyword",
        "filename": "api/tests/integration/audit-logging.test.ts",
        "hashed_secret": "95a2e33eefdc461e8a06007fb32952dad82e6a34",
        "is_verified": false,
        "line_number": 140
      },
      {
        "type": "Secret Keyword",
        "filename": "api/tests/integration/audit-logging.test.ts",
        "hashed_secret": "4ea3fdd0ed5041deed839a9b5554bcbda28c9ed9",
        "is_verified": false,
        "line_number": 161
      },
      {
        "type": "Secret Keyword",
        "filename": "api/tests/integration/audit-logging.test.ts",
        "hashed_secret": "ecb252044b5ea0f679ee78ec1a12904739e2904d",
        "is_verified": false,
        "line_number": 224
      }
    ],
    "api/tests/integration/auth-flow.test.ts": [
      {
        "type": "Secret Keyword",
        "filename": "api/tests/integration/auth-flow.test.ts",
        "hashed_secret": "57a95757965d345f8133a86125e3a6e84f00c092",
        "is_verified": false,
        "line_number": 26
      },
      {
        "type": "Secret Keyword",
        "filename": "api/tests/integration/auth-flow.test.ts",
        "hashed_secret": "4a7cca78a992f34fb6ed199fd325ac2eb81999ae",
        "is_verified": false,
        "line_number": 97
      },
      {
        "type": "Secret Keyword",
        "filename": "api/tests/integration/auth-flow.test.ts",
        "hashed_secret": "d89733c5dbf5f9dc3bd8a2f3259544240e051e2f",
        "is_verified": false,
        "line_number": 133
      },
      {
        "type": "Secret Keyword",
        "filename": "api/tests/integration/auth-flow.test.ts",
        "hashed_secret": "9f1879777c69d138bc6140b269ab14c76c2bc077",
        "is_verified": false,
        "line_number": 148
      },
      {
        "type": "Secret Keyword",
        "filename": "api/tests/integration/auth-flow.test.ts",
        "hashed_secret": "9cda680d2905a41215082ab694f4ae113c61893e",
        "is_verified": false,
        "line_number": 179
      },
      {
        "type": "Secret Keyword",
        "filename": "api/tests/integration/auth-flow.test.ts",
        "hashed_secret": "6809ffccad03b80fa1fbc32c17e7e054805ec30b",
        "is_verified": false,
        "line_number": 200
      },
      {
        "type": "Secret Keyword",
        "filename": "api/tests/integration/auth-flow.test.ts",
        "hashed_secret": "b7028b127ad33eaa31d209cda35e92698bf1d639",
        "is_verified": false,
        "line_number": 223
      },
      {
        "type": "Secret Keyword",
        "filename": "api/tests/integration/auth-flow.test.ts",
        "hashed_secret": "9c6f70386f9cc1a1c8d79e161d5f7235636c8a5c",
        "is_verified": false,
        "line_number": 258
      }
    ],
    "api/tests/integration/auth-lifecycle.test.ts": [
      {
        "type": "Secret Keyword",
        "filename": "api/tests/integration/auth-lifecycle.test.ts",
        "hashed_secret": "57a95757965d345f8133a86125e3a6e84f00c092",
        "is_verified": false,
        "line_number": 71
      },
      {
        "type": "Secret Keyword",
        "filename": "api/tests/integration/auth-lifecycle.test.ts",
        "hashed_secret": "8832836311c6c8c49767f485fde53678ac857326",
        "is_verified": false,
        "line_number": 95
      },
      {
        "type": "Secret Keyword",
        "filename": "api/tests/integration/auth-lifecycle.test.ts",
        "hashed_secret": "3585f9d66b612db82b4993b560a787aec3d0fcfe",
        "is_verified": false,
        "line_number": 148
      },
      {
        "type": "Secret Keyword",
        "filename": "api/tests/integration/auth-lifecycle.test.ts",
        "hashed_secret": "e9c371869a65404f1544c718d3c74dd060e03ff1",
        "is_verified": false,
        "line_number": 172
      },
      {
        "type": "Secret Keyword",
        "filename": "api/tests/integration/auth-lifecycle.test.ts",
        "hashed_secret": "28bcb74d17017077613aa5559280adfe72e9c80c",
        "is_verified": false,
        "line_number": 182
      },
      {
        "type": "Secret Keyword",
        "filename": "api/tests/integration/auth-lifecycle.test.ts",
        "hashed_secret": "c3f0053bcf199a20a88881d1b078d53f5ec7bd29",
        "is_verified": false,
        "line_number": 225
      },
      {
        "type": "Secret Keyword",
        "filename": "api/tests/integration/auth-lifecycle.test.ts",
        "hashed_secret": "921245eda59ac54e39051adc969e07cd704127cd",
        "is_verified": false,
        "line_number": 243
      },
      {
        "type": "Secret Keyword",
        "filename": "api/tests/integration/auth-lifecycle.test.ts",
        "hashed_secret": "c46843806afcd7d908aef981bc2bc8f1c9bcb733",
        "is_verified": false,
        "line_number": 253
      },
      {
        "type": "Secret Keyword",
        "filename": "api/tests/integration/auth-lifecycle.test.ts",
        "hashed_secret": "9cda680d2905a41215082ab694f4ae113c61893e",
        "is_verified": false,
        "line_number": 308
      },
      {
        "type": "Secret Keyword",
        "filename": "api/tests/integration/auth-lifecycle.test.ts",
        "hashed_secret": "6809ffccad03b80fa1fbc32c17e7e054805ec30b",
        "is_verified": false,
        "line_number": 312
      },
      {
        "type": "Secret Keyword",
        "filename": "api/tests/integration/auth-lifecycle.test.ts",
        "hashed_secret": "4a7cca78a992f34fb6ed199fd325ac2eb81999ae",
        "is_verified": false,
        "line_number": 511
      },
      {
        "type": "Secret Keyword",
        "filename": "api/tests/integration/auth-lifecycle.test.ts",
        "hashed_secret": "0dcda6640e8039fd3f99624e2a332a97b26f6b25",
        "is_verified": false,
        "line_number": 699
      }
    ],
    "api/tests/integration/chat-flow.test.ts": [
      {
        "type": "Secret Keyword",
        "filename": "api/tests/integration/chat-flow.test.ts",
        "hashed_secret": "80a91761b41dcb60f2e21de20f6d497078d769c2",
        "is_verified": false,
        "line_number": 23
      }
    ],
    "api/tests/integration/chat-routes.test.ts": [
      {
        "type": "Secret Keyword",
        "filename": "api/tests/integration/chat-routes.test.ts",
        "hashed_secret": "80a91761b41dcb60f2e21de20f6d497078d769c2",
        "is_verified": false,
        "line_number": 21
      },
      {
        "type": "Secret Keyword",
        "filename": "api/tests/integration/chat-routes.test.ts",
        "hashed_secret": "ab87b50f68cd7729bccb03d402555b64497de804",
        "is_verified": false,
        "line_number": 90
      }
    ],
    "api/tests/integration/setup.ts": [
      {
        "type": "Secret Keyword",
        "filename": "api/tests/integration/setup.ts",
        "hashed_secret": "6ea5245fbac53d4a4fb1883b3284f24961c3564c",
        "is_verified": false,
        "line_number": 37
      },
      {
        "type": "Secret Keyword",
        "filename": "api/tests/integration/setup.ts",
        "hashed_secret": "072e299340559807bb66dc756233a5f0e57a3c4e",
        "is_verified": false,
        "line_number": 38
      },
      {
        "type": "Secret Keyword",
        "filename": "api/tests/integration/setup.ts",
        "hashed_secret": "994df7973b3eb7de6935e7d8da07d7443a7376c7",
        "is_verified": false,
        "line_number": 41
      },
      {
        "type": "Secret Keyword",
        "filename": "api/tests/integration/setup.ts",
        "hashed_secret": "a94a8fe5ccb19ba61c4c0873d391e987982fbbd3",
        "is_verified": false,
        "line_number": 51
      }
    ],
    "api/tests/integration/visitor-socket.test.ts": [
      {
        "type": "Secret Keyword",
        "filename": "api/tests/integration/visitor-socket.test.ts",
        "hashed_secret": "80a91761b41dcb60f2e21de20f6d497078d769c2",
        "is_verified": false,
        "line_number": 9
      }
    ],
    "api/tests/unit/health.test.ts": [
      {
        "type": "Secret Keyword",
        "filename": "api/tests/unit/health.test.ts",
        "hashed_secret": "a94a8fe5ccb19ba61c4c0873d391e987982fbbd3",
        "is_verified": false,
        "line_number": 19
      },
      {
        "type": "Secret Keyword",
        "filename": "api/tests/unit/health.test.ts",
        "hashed_secret": "35f4b8e0c96db297f669fd5b8b2d9b2ce01e5da2",
        "is_verified": false,
        "line_number": 22
      },
      {
        "type": "Secret Keyword",
        "filename": "api/tests/unit/health.test.ts",
        "hashed_secret": "2bfadf95a0e77f9409747376c9faf9bf9cdd936d",
        "is_verified": false,
        "line_number": 23
      },
      {
        "type": "Secret Keyword",
        "filename": "api/tests/unit/health.test.ts",
        "hashed_secret": "4ddd7047220d0fbf5d7199c5065b6f4d71e6884d",
        "is_verified": false,
        "line_number": 26
      }
    ],
    "docker-compose.yml": [
      {
        "type": "Secret Keyword",
        "filename": "docker-compose.yml",
        "hashed_secret": "c46fab2d272fc6587ccbb693d65427c4ed5fa56c",
        "is_verified": false,
        "line_number": 8
      },
      {
        "type": "Secret Keyword",
        "filename": "docker-compose.yml",
        "hashed_secret": "39ea4d03d2ff50adc70c59b0b2afa3e4b0d19a7e",
        "is_verified": false,
        "line_number": 11
      },
      {
        "type": "Secret Keyword",
        "filename": "docker-compose.yml",
        "hashed_secret": "a2ec037697d9e810a901a287b763bde4b28a65db",
        "is_verified": false,
        "line_number": 49
      },
      {
        "type": "Secret Keyword",
        "filename": "docker-compose.yml",
        "hashed_secret": "e0036e0e5d33f2cb18b533a018efa14f219f744e",
        "is_verified": false,
        "line_number": 88
      },
      {
        "type": "Secret Keyword",
        "filename": "docker-compose.yml",
        "hashed_secret": "50a9b5af79a9e632fbbd20f982497f671ec9c5f0",
        "is_verified": false,
        "line_number": 89
      },
      {
        "type": "Secret Keyword",
        "filename": "docker-compose.yml",
        "hashed_secret": "b7cdb7b41ce712d94d738927c986f7ebbcfa5c0f",
        "is_verified": false,
        "line_number": 90
      }
    ],
    "e2e/support/config.ts": [
      {
        "type": "Secret Keyword",
        "filename": "e2e/support/config.ts",
        "hashed_secret": "1aecefb64a35513f7dd4546222503380a6bdd843",
        "is_verified": false,
        "line_number": 54
      },
      {
        "type": "Secret Keyword",
        "filename": "e2e/support/config.ts",
        "hashed_secret": "c2911ac6c4efb214b7d68278a1b4d55ec16304d5",
        "is_verified": false,
        "line_number": 55
      },
      {
        "type": "Secret Keyword",
        "filename": "e2e/support/config.ts",
        "hashed_secret": "ad8c9167b75b6c060a6d8e10205d21e3d152b207",
        "is_verified": false,
        "line_number": 56
      },
      {
        "type": "Secret Keyword",
        "filename": "e2e/support/config.ts",
        "hashed_secret": "a2ec037697d9e810a901a287b763bde4b28a65db",
        "is_verified": false,
        "line_number": 64
      }
    ],
    "e2e/support/fixtures.ts": [
      {
        "type": "Secret Keyword",
        "filename": "e2e/support/fixtures.ts",
        "hashed_secret": "bbc5def5ff61d2066dee44345c9cbd3f1446d78a",
        "is_verified": false,
        "line_number": 34
      },
      {
        "type": "Secret Keyword",
        "filename": "e2e/support/fixtures.ts",
        "hashed_secret": "80a91761b41dcb60f2e21de20f6d497078d769c2",
        "is_verified": false,
        "line_number": 47
      },
      {
        "type": "Secret Keyword",
        "filename": "e2e/support/fixtures.ts",
        "hashed_secret": "9db998fa2a9fb53a9ad629ad842940e051ec67a3",
        "is_verified": false,
        "line_number": 93
      }
    ],
    "package.json": [
      {
        "type": "Secret Keyword",
        "filename": "package.json",
        "hashed_secret": "33a3dd9fd762585d0c09f719b086536dbcead5ed",
        "is_verified": false,
        "line_number": 103
      }
    ],
    "ui/e2e/auth.setup.ts": [
      {
        "type": "Secret Keyword",
        "filename": "ui/e2e/auth.setup.ts",
        "hashed_secret": "bbc5def5ff61d2066dee44345c9cbd3f1446d78a",
        "is_verified": false,
        "line_number": 10
      },
      {
        "type": "Secret Keyword",
        "filename": "ui/e2e/auth.setup.ts",
        "hashed_secret": "80a91761b41dcb60f2e21de20f6d497078d769c2",
        "is_verified": false,
        "line_number": 11
      }
    ],
    "ui/playwright.config.ts": [
      {
        "type": "Secret Keyword",
        "filename": "ui/playwright.config.ts",
        "hashed_secret": "39ea4d03d2ff50adc70c59b0b2afa3e4b0d19a7e",
        "is_verified": false,
        "line_number": 18
      },
      {
        "type": "Secret Keyword",
        "filename": "ui/playwright.config.ts",
        "hashed_secret": "1aecefb64a35513f7dd4546222503380a6bdd843",
        "is_verified": false,
        "line_number": 21
      },
      {
        "type": "Secret Keyword",
        "filename": "ui/playwright.config.ts",
        "hashed_secret": "c2911ac6c4efb214b7d68278a1b4d55ec16304d5",
        "is_verified": false,
        "line_number": 22
      },
      {
        "type": "Secret Keyword",
        "filename": "ui/playwright.config.ts",
        "hashed_secret": "ad8c9167b75b6c060a6d8e10205d21e3d152b207",
        "is_verified": false,
        "line_number": 23
      },
      {
        "type": "Secret Keyword",
        "filename": "ui/playwright.config.ts",
        "hashed_secret": "a2ec037697d9e810a901a287b763bde4b28a65db",
        "is_verified": false,
        "line_number": 31
      }
    ],
    "ui/src/i18n/en.json": [
      {
        "type": "Secret Keyword",
        "filename": "ui/src/i18n/en.json",
        "hashed_secret": "8be3c943b1609fffbfc51aad666d0a04adf83c9d",
        "is_verified": false,
        "line_number": 21
      },
      {
        "type": "Secret Keyword",
        "filename": "ui/src/i18n/en.json",
        "hashed_secret": "fce1ba868a631b2272efb6d10b4bff47caeb81c8",
        "is_verified": false,
        "line_number": 73
      }
    ],
    "usecases/support/login--invalid-credentials.uc.yaml": [
      {
        "type": "Secret Keyword",
        "filename": "usecases/support/login--invalid-credentials.uc.yaml",
        "hashed_secret": "1610cc1c279ff30735b53a1b737cd18c7ac8dce5",
        "is_verified": false,
        "line_number": 16
      }
    ],
    "usecases/support/login.uc.yaml": [
      {
        "type": "Secret Keyword",
        "filename": "usecases/support/login.uc.yaml",
        "hashed_secret": "80a91761b41dcb60f2e21de20f6d497078d769c2",
        "is_verified": false,
        "line_number": 17
      }
    ],
    "widget/playwright.config.ts": [
      {
        "type": "Secret Keyword",
        "filename": "widget/playwright.config.ts",
        "hashed_secret": "39ea4d03d2ff50adc70c59b0b2afa3e4b0d19a7e",
        "is_verified": false,
        "line_number": 17
      },
      {
        "type": "Secret Keyword",
        "filename": "widget/playwright.config.ts",
        "hashed_secret": "1aecefb64a35513f7dd4546222503380a6bdd843",
        "is_verified": false,
        "line_number": 20
      },
      {
        "type": "Secret Keyword",
        "filename": "widget/playwright.config.ts",
        "hashed_secret": "c2911ac6c4efb214b7d68278a1b4d55ec16304d5",
        "is_verified": false,
        "line_number": 21
      },
      {
        "type": "Secret Keyword",
        "filename": "widget/playwright.config.ts",
        "hashed_secret": "ad8c9167b75b6c060a6d8e10205d21e3d152b207",
        "is_verified": false,
        "line_number": 22
      },
      {
        "type": "Secret Keyword",
        "filename": "widget/playwright.config.ts",
        "hashed_secret": "a2ec037697d9e810a901a287b763bde4b28a65db",
        "is_verified": false,
        "line_number": 30
      }
    ]
  },
  "generated_at": "2026-08-15T13:52:38Z"
}
